{
  "entities": [
    {
      "children": [
        2
      ],
      "id": 1,
      "name": "Par d√©faut",
      "type": "card"
    },
    {
      "content": "Une quote",
      "id": 2,
      "type": "field"
    }
  ],
  "nextEntityId": 3
}