{
  "entities": [
    {
      "children": [
        2
      ],
      "id": 1,
      "name": "Par défaut",
      "type": "card"
    },
    {
      "content": "Contenu synthétique",
      "header": "En-tête",
      "id": 2,
      "type": "field"
    }
  ],
  "nextEntityId": 3
}