{
  "entities": [
    {
      "children": [
        1
      ],
      "id": 2,
      "name": "Par défaut",
      "type": "card"
    },
    {
      "content": "Par défaut",
      "id": 1,
      "type": "title"
    }
  ]
}