{
  "entities": [
    {
      "children": [
        1, 2
      ],
      "id": 3,
      "name": "Par d√©faut",
      "type": "card"
    },
    {
      "content": "Une quote",
      "id": 1,
      "type": "field"
    },
    {
      "content": "Une autre quote",
      "id": 2,
      "type": "field"
    }
  ]
}